// Jest Snapshot v1, https://goo.gl/fbAQLP

exports[`matches snapshot 1`] = `
<DocumentFragment>
  <main
    class="password-page"
  >
    <form
      class="password-form"
      data-testid="password-form"
    >
      <input
        class="password-input"
        data-testid="password-new-input"
        placeholder="New Password"
        type="password"
      />
      <input
        class="password-input"
        data-testid="password-retype-input"
        placeholder="Retype Password"
        type="password"
      />
      <input
        class="password-submit"
        data-testid="password-submit"
        type="submit"
        value="Change Password"
      />
    </form>
  </main>
</DocumentFragment>
`;
